// Jest Snapshot v1, https://goo.gl/fbAQLP

exports[`Modal renders correctly 1`] = `
.c2 {
  margin: 0;
  font-family: BrandonGrotesque-Bold,Arial,Helvetica,sans-serif;
  color: #333333;
  font-size: 2.6rem;
  line-height: 140%;
  font-weight: 450;
}

.c0 {
  display: -webkit-box;
  display: -webkit-flex;
  display: -ms-flexbox;
  display: flex;
  position: fixed;
  width: 100vw;
  height: 100vh;
  top: 0;
  left: 0;
  -webkit-backdrop-filter: blur(1rem);
  backdrop-filter: blur(1rem);
  background-color: rgba(255,255,255,0.5);
  -webkit-box-pack: center;
  -webkit-justify-content: center;
  -ms-flex-pack: center;
  justify-content: center;
  -webkit-align-items: center;
  -webkit-box-align: center;
  -ms-flex-align: center;
  align-items: center;
  z-index: 1;
}

.c1 {
  background: #ffffff;
  border-radius: 0.8rem;
  box-shadow: 0px 2px 6px rgb(51 51 51 / 16%);
  width: 90rem;
  max-width: 90vw;
  min-height: 30rem;
  max-height: 90vh;
  overflow: scroll;
  padding: 2.4rem;
  position: relative;
  z-index: 2;
}

.c1 button.close {
  color: #00594C;
  font-size: 2.4rem;
  padding: 0;
  margin: 0;
  border: 0;
  background: transparent;
  position: absolute;
  top: 0.8rem;
  right: 0.8rem;
  z-index: 3;
}

<div
  class="c0"
  data-testid="backdrop"
>
  <div
    id="focus-trap"
  >
    <div
      aria-labelledby="modal-title"
      aria-modal="true"
      class="c1"
      role="dialog"
      tabindex="-1"
    >
      <button
        aria-label="Close"
        class="close"
        data-testid="close"
      >
        <svg
          aria-hidden="true"
          fill="none"
          focusable="false"
          height="1em"
          viewBox="0 0 24 24"
          width="1em"
          xmlns="http://www.w3.org/2000/svg"
        >
          <path
            d="M18.707 6.707a1 1 0 0 0-1.414-1.414L12 10.586 6.707 5.293a1 1 0 0 0-1.414 1.414L10.586 12l-5.293 5.293a1 1 0 1 0 1.414 1.414L12 13.414l5.293 5.293a1 1 0 0 0 1.414-1.414L13.414 12l5.293-5.293z"
            fill="currentColor"
          />
        </svg>
      </button>
      <h2
        class="c2"
        id="modal-title"
      >
        My Modal
      </h2>
      Modal Content
    </div>
  </div>
</div>
`;
