// Jest Snapshot v1, https://goo.gl/fbAQLP

exports[`AddressCard renders correctly 1`] = `
.c0 {
  border: 1px solid #F6F6F6;
  border-radius: 4px;
  padding: 1.6rem;
  display: -webkit-box;
  display: -webkit-flex;
  display: -ms-flexbox;
  display: flex;
  -webkit-flex-direction: column;
  -ms-flex-direction: column;
  flex-direction: column;
  -webkit-box-pack: justify;
  -webkit-justify-content: space-between;
  -ms-flex-pack: justify;
  justify-content: space-between;
  gap: 1.6rem;
}

.c1 {
  display: -webkit-box;
  display: -webkit-flex;
  display: -ms-flexbox;
  display: flex;
  gap: 1.6rem;
}

.c2 {
  background: #1F51FF;
  border-radius: 0.8rem;
  border: 2px solid #EEEEEF;
  color: #ffffff;
  cursor: pointer;
  font-weight: 700;
  min-width: 18rem;
  padding: 1.8rem 3.2rem;
  text-shadow: 0px 1px 1px rgba(0,0,0,0.25);
  -webkit-transition: 0.2s;
  transition: 0.2s;
  white-space: nowrap;
  line-height: 1;
  font-size: 1.6rem;
  display: -webkit-box;
  display: -webkit-flex;
  display: -ms-flexbox;
  display: flex;
  gap: 1rem;
  -webkit-box-pack: center;
  -webkit-justify-content: center;
  -ms-flex-pack: center;
  justify-content: center;
}

.c2:hover,
.c2:hover:not([disabled]) {
  background: #0000FF;
  -webkit-text-decoration: none;
  text-decoration: none;
}

.c2.secondary {
  background: #ffffff;
  border: 2px solid #585858;
  border-radius: 6px;
  color: #585858;
  text-shadow: none;
}

.c2.secondary:hover {
  background: #ffffff !important;
  border: 2px solid #000000;
  color: #000000;
  -webkit-text-decoration: none;
  text-decoration: none;
}

.c2.icon {
  background: none;
  border: none;
  padding: 0.8rem;
  -webkit-text-decoration: none;
  text-decoration: none;
  min-width: 0;
  text-shadow: none;
}

.c2.icon:hover {
  background: none;
}

.c2.icon:focus {
  outline-color: #00594C;
}

.c2.btn-medium {
  font-size: 1.6rem;
  min-width: 16rem;
  padding: 1.2rem 2.4rem;
}

.c2.btn-small {
  font-size: 1.4rem;
  min-width: 15rem;
  padding: 0.8rem 2.4rem;
}

.c2.block {
  display: block;
}

.c2[disabled] {
  cursor: not-allowed !important;
  opacity: 0.5;
}

.c2.text {
  background: transparent;
  border: 0;
  border-radius: 0;
  border-bottom: 1px solid transparent;
  color: #808080;
  cursor: pointer;
  font-size: 1.6rem;
  font-weight: normal;
  min-width: auto;
  padding: 0;
  text-shadow: none;
}

.c2.text:hover {
  background: transparent !important;
  border-bottom: 1px solid #585858;
  color: #000000;
}

.c2.text.btn-small {
  font-size: 1.4rem;
}

.c2.text.btn-medium {
  font-size: 1.6rem;
}

.c2.text.btn-large {
  font-size: 1.8rem;
}

.c2.block {
  width: 100%;
}

<div
  class="c0"
>
  <div>
    <p>
      John
       
      Doe
      <br />
      11 High Road
      <br />
      London
      <br />
      SW1 2AB
      <br />
      GB
    </p>
  </div>
  <div
    class="c1"
  >
    <button
      class="c2 text btn-small"
    >
      general.edit
    </button>
    <button
      class="c2 text btn-small"
    >
      general.remove
    </button>
    <button
      class="c2 text btn-small"
    >
      general.set_default
    </button>
  </div>
</div>
`;
