// Jest Snapshot v1, https://goo.gl/fbAQLP

exports[`VisuallyHiddenSpan renders correctly renders correctly 1`] = `
.c0 {
  border: 0;
  -webkit-clip: rect(0 0 0 0);
  clip: rect(0 0 0 0);
  height: 1px;
  margin: -1px;
  overflow: hidden;
  padding: 0;
  position: absolute;
  width: 1px;
  white-space: nowrap;
  word-wrap: normal;
}

<div>
  <span
    class="c0"
  >
    Hidden Span
  </span>
</div>
`;
