// Jest Snapshot v1, https://goo.gl/fbAQLP

exports[`Text renders correctly 1`] = `
.c0 {
  margin: 0;
  font-family: BrandonGrotesque-Bold,Arial,Helvetica,sans-serif;
  color: #333333;
  font-size: 2.6rem;
  line-height: 140%;
  font-weight: 450;
}

<div>
  <h1
    class="c0"
  >
    Text
  </h1>
</div>
`;
