// Jest Snapshot v1, https://goo.gl/fbAQLP

exports[`Navigation renders correctly 1`] = `
.c0 {
  list-style: none;
  padding: 0;
  margin: 0;
  display: -webkit-box;
  display: -webkit-flex;
  display: -ms-flexbox;
  display: flex;
  -webkit-flex-direction: column;
  -ms-flex-direction: column;
  flex-direction: column;
  gap: 0.8rem;
  width: 100%;
}

.c0 a {
  font-family: 'BrandonGrotesque-Bold';
  font-size: 2rem;
  padding: 1.6rem;
  background: #F2F9F8;
  border-radius: 0.8rem;
  display: -webkit-box;
  display: -webkit-flex;
  display: -ms-flexbox;
  display: flex;
  -webkit-align-items: center;
  -webkit-box-align: center;
  -ms-flex-align: center;
  align-items: center;
  gap: 1.6rem;
  -webkit-transition: 0.2s;
  transition: 0.2s;
}

.c0 a.active,
.c0 a:hover {
  background: #fcfdff;
}

<ul
  class="c0"
>
  <li>
    <a
      class=""
      href="/"
      title="Customer Search"
    >
      https://via.placeholder.com/24x24
      Customer Search
    </a>
  </li>
  <li>
    <a
      class=""
      href="/"
      title="Order Search"
    >
      https://via.placeholder.com/24x24
      Order Search
    </a>
  </li>
</ul>
`;
